npm warn Unknown cli config "--run". This will stop working in the next major version of npm.

> ibpms-frontend@1.0.0 test
> vitest


[1m[46m RUN [49m[22m [36mv4.0.18 [39m[90mC:/Users/HaroltAndrésGómezAgu/ProyectoAntigravity/ibpms-platform/frontend[39m

 [31m❯[39m src/tests/stores/authStore.spec.ts [2m([22m[2m3 tests[22m[2m | [22m[31m1 failed[39m[2m)[22m[32m 34[2mms[22m[39m
     [32m✓[39m should initialize with empty state[32m 8[2mms[22m[39m
[31m     [31m×[31m login() should mutate state and save to localStorage[39m[32m 21[2mms[22m[39m
     [32m✓[39m logout() should clear state and remove from localStorage[32m 2[2mms[22m[39m
 [31m❯[39m src/tests/components/WorkdeskWidgets.spec.ts [2m([22m[2m1 test[22m[2m | [22m[31m1 failed[39m[2m)[22m[33m 489[2mms[22m[39m
[31m     [31m×[31m Renderiza distintos Widgets funcionales en el mismo Path (/) según las Flags de Rol[39m[33m 482[2mms[22m[39m
 [31m❯[39m src/tests/FormDesigner.spec.ts [2m([22m[2m0 test[22m[2m)[22m
 [31m❯[39m src/tests/views/Workdesk.spec.ts [2m([22m[2m2 tests[22m[2m | [22m[31m2 failed[39m[2m)[22m[33m 895[2mms[22m[39m
[31m     [31m×[31m Debe renderizar ⚡ BPMN y 📋 KANBAN según el sourceSystem[39m[33m 809[2mms[22m[39m
[31m     [31m×[31m Debe renderizar el Semáforo SLA (bg-red-100) si la fecha expiró[39m[32m 79[2mms[22m[39m
 [31m❯[39m src/views/__tests__/Workdesk.spec.ts [2m([22m[2m6 tests[22m[2m | [22m[31m5 failed[39m[2m)[22m[33m 1067[2mms[22m[39m
[31m     [31m×[31m Renders the CQRS Native Data Grid <table> with <th> properly[39m[33m 585[2mms[22m[39m
[31m     [31m×[31m Executes Search with 500ms Debounce altering the Pinia Store call[39m[32m 233[2mms[22m[39m
[31m     [31m×[31m Transitions SLA Colors reactively via Ticking Engine[39m[32m 127[2mms[22m[39m
     [32m✓[39m US-039: Preserves Generic Form Draft in LocalStorage upon accidental tab closure[32m 1[2mms[22m[39m
[31m     [31m×[31m US-043 CA-6: Renderiza alerta amarilla (Warning) en la grilla cuando Backend DTO indica isAtWarningThreshold[39m[32m 39[2mms[22m[39m
[31m     [31m×[31m HOTFIX US-051 Regresión: Aserción matemática de Estructura Grid y Cards Operativas[39m[32m 78[2mms[22m[39m
 [31m❯[39m src/tests/components/MainLayout.spec.ts [2m([22m[2m0 test[22m[2m)[22m
[90mstderr[2m | src/tests/views/admin/Modeler/BpmnDesigner.spec.ts[2m > [22m[2mBpmnDesigner.vue[2m > [22m[2mrenders the BpmnDesigner correctly with its canvas area
[22m[39m[Vue warn]: Failed to resolve component: AppSkeleton
If this is a native custom element, make sure to exclude it from component resolution via compilerOptions.isCustomElement. 
  at <BpmnDesigner ref="VTU_COMPONENT" > 
  at <VTUROOT>

[90mstderr[2m | src/views/admin/Modeler/BpmnDesigner.spec.ts[2m > [22m[2mPantalla 6: BPMN Designer (Frontend QA)[2m > [22m[2mDebe invocar saveDraft exitosamente (Auto-Save logic)
[22m[39m[Vue warn]: Failed to resolve component: AppSkeleton
If this is a native custom element, make sure to exclude it from component resolution via compilerOptions.isCustomElement. 
  at <BpmnDesigner ref="VTU_COMPONENT" > 
  at <VTUROOT>

[90mstderr[2m | src/tests/views/admin/Modeler/BpmnDesigner.spec.ts[2m > [22m[2mBpmnDesigner.vue[2m > [22m[2msimulates clicking "Desplegar" and opens deployment modal
[22m[39m[Vue warn]: Failed to resolve component: AppSkeleton
If this is a native custom element, make sure to exclude it from component resolution via compilerOptions.isCustomElement. 
  at <BpmnDesigner ref="VTU_COMPONENT" > 
  at <VTUROOT>

[90mstderr[2m | src/views/admin/Modeler/BpmnDesigner.spec.ts[2m > [22m[2mPantalla 6: BPMN Designer (Frontend QA)[2m > [22m[2mDebe invalidar el Pre-Flight (estado PENDING) al detectar cambios en el diagrama
[22m[39m[Vue warn]: Failed to resolve component: AppSkeleton
If this is a native custom element, make sure to exclude it from component resolution via compilerOptions.isCustomElement. 
  at <BpmnDesigner ref="VTU_COMPONENT" > 
  at <VTUROOT>

[90mstderr[2m | src/views/admin/Modeler/BpmnDesigner.spec.ts[2m > [22m[2mPantalla 6: BPMN Designer (Frontend QA)[2m > [22m[2mDebe filtrar la lista de formularios para que solo muestre Formularios Simples cuando el proceso es Simple
[22m[39m[Vue warn]: Failed to resolve component: AppSkeleton
If this is a native custom element, make sure to exclude it from component resolution via compilerOptions.isCustomElement. 
  at <BpmnDesigner ref="VTU_COMPONENT" > 
  at <VTUROOT>

[90mstderr[2m | src/views/admin/Modeler/BpmnDesigner.spec.ts[2m > [22m[2mPantalla 6: BPMN Designer (Frontend QA)[2m > [22m[2mDebe filtrar la lista de formularios para que solo muestre Formularios Simples cuando el proceso es Simple
[22m[39m[Vue warn]: Failed to resolve component: AppSkeleton
If this is a native custom element, make sure to exclude it from component resolution via compilerOptions.isCustomElement. 
  at <BpmnDesigner ref="VTU_COMPONENT" > 
  at <VTUROOT>

[90mstderr[2m | src/tests/views/admin/Modeler/BpmnDesigner.spec.ts[2m > [22m[2mBpmnDesigner.vue[2m > [22m[2mshows AI Copilot panel when Copilot button is clicked
[22m[39m[Vue warn]: Failed to resolve component: AppSkeleton
If this is a native custom element, make sure to exclude it from component resolution via compilerOptions.isCustomElement. 
  at <BpmnDesigner ref="VTU_COMPONENT" > 
  at <VTUROOT>

[90mstderr[2m | src/views/admin/Modeler/BpmnDesigner.spec.ts[2m > [22m[2mPantalla 6: BPMN Designer (Frontend QA)[2m > [22m[2mDebe contener los conectores V1 (O365, SharePoint, NetSuite) en el Dropdown de Connectors
[22m[39m[Vue warn]: Failed to resolve component: AppSkeleton
If this is a native custom element, make sure to exclude it from component resolution via compilerOptions.isCustomElement. 
  at <BpmnDesigner ref="VTU_COMPONENT" > 
  at <VTUROOT>

 [31m❯[39m src/tests/views/admin/Modeler/BpmnDesigner.spec.ts [2m([22m[2m3 tests[22m[2m | [22m[31m1 failed[39m[2m)[22m[33m 629[2mms[22m[39m
     [33m[2m✓[22m[39m renders the BpmnDesigner correctly with its canvas area [33m 310[2mms[22m[39m
[31m     [31m×[31m simulates clicking "Desplegar" and opens deployment modal[39m[32m 167[2mms[22m[39m
     [32m✓[39m shows AI Copilot panel when Copilot button is clicked[32m 147[2mms[22m[39m
Not implemented: Window's alert() method
Not implemented: Window's alert() method
Not implemented: Window's alert() method
[90mstderr[2m | src\services\apiClient.ts:40:21
[22m[39mModo Desconectado. La aplicación se ha congelado por falta de Red.
Modo Desconectado. La aplicación se ha congelado por falta de Red.
Modo Desconectado. La aplicación se ha congelado por falta de Red.

[90mstderr[2m | fetchForms (C:\Users\HaroltAndrésGómezAgu\ProyectoAntigravity\ibpms-platform\frontend\src\views\admin\Modeler\BpmnDesigner.vue:899:13)
[22m[39mBackend /forms indisponible. Fallback a MOCKS CA-30.

[90mstderr[2m | src/views/admin/Modeler/BpmnDesigner.spec.ts[2m > [22m[2mPantalla 6: BPMN Designer (Frontend QA)[2m > [22m[2mDebe generar un Toast de Advertencia al importar un archivo BPMN de alta complejidad (> 100 nodos)
[22m[39m[Vue warn]: Failed to resolve component: AppSkeleton
If this is a native custom element, make sure to exclude it from component resolution via compilerOptions.isCustomElement. 
  at <BpmnDesigner ref="VTU_COMPONENT" > 
  at <VTUROOT>

[90mstderr[2m | fetchConnectors (C:\Users\HaroltAndrésGómezAgu\ProyectoAntigravity\ibpms-platform\frontend\src\views\admin\Modeler\BpmnDesigner.vue:916:13)
[22m[39mAPI Integraciones MOCKS (CA-45)

[90mstderr[2m | src\views\admin\Modeler\BpmnDesigner.vue:1066:15
[22m[39mFallo obteniendo threshold, usando default 100 limit (CA-30)

[90mstderr[2m | warn$1 (C:\Users\HaroltAndrésGómezAgu\ProyectoAntigravity\ibpms-platform\frontend\node_modules\@vue\runtime-core\dist\runtime-core.cjs.js:53:13)
[22m[39m[Vue warn]: Failed to resolve component: AppSkeleton
If this is a native custom element, make sure to exclude it from component resolution via compilerOptions.isCustomElement. 
  at <BpmnDesigner ref="VTU_COMPONENT" > 
  at <VTUROOT>

Not implemented: Window's alert() method
Not implemented: Window's alert() method
[90mstderr[2m | src\services\apiClient.ts:40:21
[22m[39mModo Desconectado. La aplicación se ha congelado por falta de Red.
Modo Desconectado. La aplicación se ha congelado por falta de Red.

[90mstderr[2m | fetchVersions (C:\Users\HaroltAndrésGómezAgu\ProyectoAntigravity\ibpms-platform\frontend\src\views\admin\Modeler\BpmnDesigner.vue:830:13)
[22m[39mAPI Fake Call - Fallback Versions

Not implemented: Window's alert() method
Not implemented: Window's alert() method
Not implemented: Window's alert() method
[90mstderr[2m | src/views/admin/Modeler/BpmnDesigner.spec.ts
[22m[39mBackend /forms indisponible. Fallback a MOCKS CA-30.
API Integraciones MOCKS (CA-45)
Fallo obteniendo threshold, usando default 100 limit (CA-30)

Not implemented: Window's alert() method
Not implemented: Window's alert() method
 [31m❯[39m src/views/admin/Modeler/BpmnDesigner.spec.ts [2m([22m[2m5 tests[22m[2m | [22m[31m2 failed[39m[2m)[22m[33m 578[2mms[22m[39m
     [32m✓[39m Debe invocar saveDraft exitosamente (Auto-Save logic)[32m 254[2mms[22m[39m
     [32m✓[39m Debe invalidar el Pre-Flight (estado PENDING) al detectar cambios en el diagrama[32m 96[2mms[22m[39m
[31m     [31m×[31m Debe filtrar la lista de formularios para que solo muestre Formularios Simples cuando el proceso es Simple[39m[32m 85[2mms[22m[39m
[31m     [31m×[31m Debe contener los conectores V1 (O365, SharePoint, NetSuite) en el Dropdown de Connectors[39m[32m 57[2mms[22m[39m
     [32m✓[39m Debe generar un Toast de Advertencia al importar un archivo BPMN de alta complejidad (> 100 nodos)[32m 82[2mms[22m[39m
 [31m❯[39m src/views/__tests__/XmlDraftPersistence.spec.ts [2m([22m[2m0 test[22m[2m)[22m
 [31m❯[39m src/tests/components/SudoModal.spec.ts [2m([22m[2m0 test[22m[2m)[22m
 [32m✓[39m src/tests/components/DynamicForm.spec.ts [2m([22m[2m4 tests[22m[2m)[22m[32m 224[2mms[22m[39m
 [32m✓[39m src/components/forms/DynamicForm.spec.ts [2m([22m[2m6 tests[22m[2m)[22m[33m 343[2mms[22m[39m
 [32m✓[39m src/tests/views/admin/AI/SacConfigManager.spec.ts [2m([22m[2m1 test[22m[2m)[22m[32m 205[2mms[22m[39m
 [32m✓[39m src/tests/views/admin/ProjectBuilder/TemplateBuilder.spec.ts [2m([22m[2m2 tests[22m[2m)[22m[32m 238[2mms[22m[39m
 [32m✓[39m src/tests/views/admin/ProjectBuilder/AgileHub.spec.ts [2m([22m[2m2 tests[22m[2m)[22m[32m 228[2mms[22m[39m
 [32m✓[39m src/tests/components/BpmnAiInjection.spec.ts [2m([22m[2m2 tests[22m[2m)[22m[32m 152[2mms[22m[39m
 [32m✓[39m src/tests/integration-hub/CryptographyService.spec.ts [2m([22m[2m1 test[22m[2m)[22m[32m 81[2mms[22m[39m
 [32m✓[39m src/tests/e2e/US003_ArchitecturalGaps.spec.ts [2m([22m[2m5 tests[22m[2m)[22m[32m 127[2mms[22m[39m
 [32m✓[39m src/tests/e2e/US003_FormMasterArchitecture.spec.ts [2m([22m[2m2 tests[22m[2m)[22m[32m 142[2mms[22m[39m
 [32m✓[39m src/tests/components/CopilotActionPills.spec.ts [2m([22m[2m1 test[22m[2m)[22m[32m 170[2mms[22m[39m
 [32m✓[39m src/tests/components/DmnAntiXss.spec.ts [2m([22m[2m1 test[22m[2m)[22m[32m 91[2mms[22m[39m
 [32m✓[39m src/tests/integration-hub/OutboundDispatcher.spec.ts [2m([22m[2m2 tests[22m[2m)[22m[32m 103[2mms[22m[39m
 [32m✓[39m src/tests/components/PanicModal.spec.ts [2m([22m[2m1 test[22m[2m)[22m[32m 104[2mms[22m[39m
 [32m✓[39m src/tests/router/RouterGuard.spec.ts [2m([22m[2m3 tests[22m[2m)[22m[32m 41[2mms[22m[39m
 [32m✓[39m src/tests/components/BpmnPreFlight.spec.ts [2m([22m[2m1 test[22m[2m)[22m[32m 64[2mms[22m[39m
[90mstderr[2m | src/tests/components/TaskViewerModal.spec.ts[2m > [22m[2mTaskViewerModal.vue (US-039 p2 - Data Flattening & Prefixing)[2m > [22m[2mUS-039 p2: Inyecta el Prefijo `$generic_` a las llaves del payload para impedir Data Bleeding/Overwrites en Camunda
[22m[39m[Vue warn]: Invalid prop: type check failed for prop "context". Expected Object, got String with value "BPMN". 
  at <TaskViewerModal isOpen=true taskId="TASK-99" taskTitle="Inspección de Sitio"  ... > 
  at <VTUROOT>

 [32m✓[39m src/tests/components/TaskViewerModal.spec.ts [2m([22m[2m1 test[22m[2m)[22m[32m 62[2mms[22m[39m
 [32m✓[39m src/tests/utils/DateTransformer.spec.ts [2m([22m[2m1 test[22m[2m)[22m[32m 5[2mms[22m[39m
 [32m✓[39m src/tests/components/BpmnAiRecovery.spec.ts [2m([22m[2m1 test[22m[2m)[22m[32m 4[2mms[22m[39m
 [32m✓[39m src/tests/stores/useProjectTemplateStore.spec.ts [2m([22m[2m3 tests[22m[2m)[22m[32m 13[2mms[22m[39m

[31m⎯⎯⎯⎯⎯⎯[39m[1m[41m Failed Suites 4 [49m[22m[31m⎯⎯⎯⎯⎯⎯⎯[39m

[41m[1m FAIL [22m[49m src/tests/FormDesigner.spec.ts[2m [ src/tests/FormDesigner.spec.ts ][22m
[31m[1mTypeError[22m: __vite_ssr_import_0__.default.create is not a function[39m
[36m [2m❯[22m src/services/apiClient.ts:[2m5:40[22m[39m
    [90m  3| [39m
    [90m  4| [39m// Instancia global con baseUrl que pasa por el Proxy de Vite (/api ->…
    [90m  5| [39m[35mconst[39m apiClient[33m:[39m [33mAxiosInstance[39m [33m=[39m axios[33m.[39m[34mcreate[39m({
    [90m   | [39m                                       [31m^[39m
    [90m  6| [39m    baseURL[33m:[39m [32m'/api/v1'[39m[33m,[39m
    [90m  7| [39m    headers[33m:[39m {
[90m [2m❯[22m src/views/admin/Modeler/FormDesigner.vue:[2m806:1[22m[39m
[90m [2m❯[22m src/tests/FormDesigner.spec.ts:[2m4:1[22m[39m

[31m[2m⎯⎯⎯⎯⎯⎯⎯⎯⎯⎯⎯⎯⎯⎯⎯⎯⎯⎯⎯⎯⎯⎯⎯[1/16]⎯[22m[39m

[41m[1m FAIL [22m[49m src/tests/components/MainLayout.spec.ts[2m [ src/tests/components/MainLayout.spec.ts ][22m
[31m[1mError[22m: Failed to resolve import "../../components/layout/MainLayout.vue" from "src/tests/components/MainLayout.spec.ts". Does the file exist?[39m
  Plugin: [35mvite:import-analysis[39m
  File: [36mC:/Users/HaroltAndrésGómezAgu/ProyectoAntigravity/ibpms-platform/frontend/src/tests/components/MainLayout.spec.ts[39m:3:23
[33m  1  |  import { describe, it, expect, beforeEach } from "vitest";
  2  |  import { mount } from "@vue/test-utils";
  3  |  import MainLayout from "../../components/layout/MainLayout.vue";
     |                          ^
  4  |  import { createPinia, setActivePinia } from "pinia";
  5  |  import { createRouter, createWebHistory } from "vue-router";[39m
[90m [2m❯[22m TransformPluginContext._formatLog ../../../../HaroltAndr%C3%A9sG%C3%B3mezAgu/ProyectoAntigravity/ibpms-platform/frontend/node_modules/vitest/node_modules/vite/dist/node/chunks/config.js:[2m28999:43[22m[39m
[90m [2m❯[22m TransformPluginContext.error ../../../../HaroltAndr%C3%A9sG%C3%B3mezAgu/ProyectoAntigravity/ibpms-platform/frontend/node_modules/vitest/node_modules/vite/dist/node/chunks/config.js:[2m28996:14[22m[39m
[90m [2m❯[22m normalizeUrl ../../../../HaroltAndr%C3%A9sG%C3%B3mezAgu/ProyectoAntigravity/ibpms-platform/frontend/node_modules/vitest/node_modules/vite/dist/node/chunks/config.js:[2m27119:18[22m[39m
[90m [2m❯[22m ../../../../HaroltAndr%C3%A9sG%C3%B3mezAgu/ProyectoAntigravity/ibpms-platform/frontend/node_modules/vitest/node_modules/vite/dist/node/chunks/config.js:[2m27177:32[22m[39m
[90m [2m❯[22m TransformPluginContext.transform ../../../../HaroltAndr%C3%A9sG%C3%B3mezAgu/ProyectoAntigravity/ibpms-platform/frontend/node_modules/vitest/node_modules/vite/dist/node/chunks/config.js:[2m27145:4[22m[39m
[90m [2m❯[22m EnvironmentPluginContainer.transform ../../../../HaroltAndr%C3%A9sG%C3%B3mezAgu/ProyectoAntigravity/ibpms-platform/frontend/node_modules/vitest/node_modules/vite/dist/node/chunks/config.js:[2m28797:14[22m[39m
[90m [2m❯[22m loadAndTransform ../../../../HaroltAndr%C3%A9sG%C3%B3mezAgu/ProyectoAntigravity/ibpms-platform/frontend/node_modules/vitest/node_modules/vite/dist/node/chunks/config.js:[2m22670:26[22m[39m

[31m[2m⎯⎯⎯⎯⎯⎯⎯⎯⎯⎯⎯⎯⎯⎯⎯⎯⎯⎯⎯⎯⎯⎯⎯[2/16]⎯[22m[39m

[41m[1m FAIL [22m[49m src/tests/components/SudoModal.spec.ts[2m [ src/tests/components/SudoModal.spec.ts ][22m
[31m[1mError[22m: Please provide an instance of axios to mock[39m
[90m [2m❯[22m new AxiosMockAdapter node_modules/axios-mock-adapter/src/index.js:[2m49:13[22m[39m
[36m [2m❯[22m setupMockAdapter src/services/mockAdapter.ts:[2m6:18[22m[39m
    [90m  4| [39m[35mexport[39m [35mconst[39m setupMockAdapter [33m=[39m (apiClient[33m:[39m [33mAxiosInstance[39m) [33m=>[39m {
    [90m  5| [39m    [90m// Activamos el mock global sobre la instancia de apiClient[39m
    [90m  6| [39m    [35mconst[39m mock [33m=[39m [35mnew[39m [33mMockAdapter[39m(apiClient[33m,[39m { delayResponse[33m:[39m [34m600[39m })[33m;[39m
    [90m   | [39m                 [31m^[39m
    [90m  7| [39m
    [90m  8| [39m    [90m// 0. Workdesk / Bandeja de Tareas[39m
[90m [2m❯[22m src/services/apiClient.ts:[2m15:1[22m[39m
[90m [2m❯[22m src/composables/useSudo.ts:[2m2:1[22m[39m

[31m[2m⎯⎯⎯⎯⎯⎯⎯⎯⎯⎯⎯⎯⎯⎯⎯⎯⎯⎯⎯⎯⎯⎯⎯[3/16]⎯[22m[39m

[41m[1m FAIL [22m[49m src/views/__tests__/XmlDraftPersistence.spec.ts[2m [ src/views/__tests__/XmlDraftPersistence.spec.ts ][22m
[31m[1mError[22m: Failed to resolve import "../../views/ModelerWorkspace.vue" from "src/views/__tests__/XmlDraftPersistence.spec.ts". Does the file exist?[39m
  Plugin: [35mvite:import-analysis[39m
  File: [36mC:/Users/HaroltAndrésGómezAgu/ProyectoAntigravity/ibpms-platform/frontend/src/views/__tests__/XmlDraftPersistence.spec.ts[39m:3:29
[33m  1  |  import { describe, it, expect, vi, beforeEach } from "vitest";
  2  |  import { mount } from "@vue/test-utils";
  3  |  import ModelerWorkspace from "../../views/ModelerWorkspace.vue";
     |                                ^
  4  |  const localStorageMock = (() => {
  5  |    let store = {};[39m
[90m [2m❯[22m TransformPluginContext._formatLog ../../../../HaroltAndr%C3%A9sG%C3%B3mezAgu/ProyectoAntigravity/ibpms-platform/frontend/node_modules/vitest/node_modules/vite/dist/node/chunks/config.js:[2m28999:43[22m[39m
[90m [2m❯[22m TransformPluginContext.error ../../../../HaroltAndr%C3%A9sG%C3%B3mezAgu/ProyectoAntigravity/ibpms-platform/frontend/node_modules/vitest/node_modules/vite/dist/node/chunks/config.js:[2m28996:14[22m[39m
[90m [2m❯[22m normalizeUrl ../../../../HaroltAndr%C3%A9sG%C3%B3mezAgu/ProyectoAntigravity/ibpms-platform/frontend/node_modules/vitest/node_modules/vite/dist/node/chunks/config.js:[2m27119:18[22m[39m
[90m [2m❯[22m ../../../../HaroltAndr%C3%A9sG%C3%B3mezAgu/ProyectoAntigravity/ibpms-platform/frontend/node_modules/vitest/node_modules/vite/dist/node/chunks/config.js:[2m27177:32[22m[39m
[90m [2m❯[22m TransformPluginContext.transform ../../../../HaroltAndr%C3%A9sG%C3%B3mezAgu/ProyectoAntigravity/ibpms-platform/frontend/node_modules/vitest/node_modules/vite/dist/node/chunks/config.js:[2m27145:4[22m[39m
[90m [2m❯[22m EnvironmentPluginContainer.transform ../../../../HaroltAndr%C3%A9sG%C3%B3mezAgu/ProyectoAntigravity/ibpms-platform/frontend/node_modules/vitest/node_modules/vite/dist/node/chunks/config.js:[2m28797:14[22m[39m
[90m [2m❯[22m loadAndTransform ../../../../HaroltAndr%C3%A9sG%C3%B3mezAgu/ProyectoAntigravity/ibpms-platform/frontend/node_modules/vitest/node_modules/vite/dist/node/chunks/config.js:[2m22670:26[22m[39m

[31m[2m⎯⎯⎯⎯⎯⎯⎯⎯⎯⎯⎯⎯⎯⎯⎯⎯⎯⎯⎯⎯⎯⎯⎯[4/16]⎯[22m[39m


[31m⎯⎯⎯⎯⎯⎯[39m[1m[41m Failed Tests 12 [49m[22m[31m⎯⎯⎯⎯⎯⎯⎯[39m

[41m[1m FAIL [22m[49m src/tests/components/WorkdeskWidgets.spec.ts[2m > [22mUS-051 CA-7: Multi-Widget Conditional Rendering[2m > [22mRenderiza distintos Widgets funcionales en el mismo Path (/) según las Flags de Rol
[31m[1mAssertionError[22m: expected false to be true // Object.is equality[39m

[32m- Expected[39m
[31m+ Received[39m

[32m- true[39m
[31m+ false[39m

[36m [2m❯[22m src/tests/components/WorkdeskWidgets.spec.ts:[2m29:76[22m[39m
    [90m 27| [39m
    [90m 28| [39m        [90m// Aserción de Renderización Condicional Paralela[39m
    [90m 29| [39m        expect(wrapper.findComponent({ name: 'ReassignWidget' }).exist…
    [90m   | [39m                                                                           [31m^[39m
    [90m 30| [39m        expect(wrapper.findComponent({ name: 'MyTasksWidget' }).exists…
    [90m 31| [39m        [90m// Gaslighting: SlaGlobalWidget oculta a niveles no gerenciales[39m

[31m[2m⎯⎯⎯⎯⎯⎯⎯⎯⎯⎯⎯⎯⎯⎯⎯⎯⎯⎯⎯⎯⎯⎯⎯[5/16]⎯[22m[39m

[41m[1m FAIL [22m[49m src/tests/stores/authStore.spec.ts[2m > [22mAuth Store (Pinia)[2m > [22mlogin() should mutate state and save to localStorage
[31m[1mAssertionError[22m: expected { username: 'carlos.admin', …(1) } to deeply equal { username: 'carlos.admin', …(1) }[39m

[32m- Expected[39m
[31m+ Received[39m

[2m  {[22m
[32m-   "role": "OPERATOR",[39m
[31m+   "roles": [[39m
[31m+     "ROLE_USER",[39m
[31m+     "ROLE_APPROVER",[39m
[31m+   ],[39m
[2m    "username": "carlos.admin",[22m
[2m  }[22m

[36m [2m❯[22m src/tests/stores/authStore.spec.ts:[2m25:28[22m[39m
    [90m 23| [39m
    [90m 24| [39m        [34mexpect[39m(store[33m.[39mtoken)[33m.[39m[34mtoBe[39m(mockJwt)[33m;[39m
    [90m 25| [39m        expect(store.user).toEqual({ username: 'carlos.admin', role: '…
    [90m   | [39m                           [31m^[39m
    [90m 26| [39m        [34mexpect[39m(localStorage[33m.[39m[34mgetItem[39m([32m'ibpms_token'[39m))[33m.[39m[34mtoBe[39m(mockJwt)[33m;[39m
    [90m 27| [39m    })[33m;[39m

[31m[2m⎯⎯⎯⎯⎯⎯⎯⎯⎯⎯⎯⎯⎯⎯⎯⎯⎯⎯⎯⎯⎯⎯⎯[6/16]⎯[22m[39m

[41m[1m FAIL [22m[49m src/tests/views/Workdesk.spec.ts[2m > [22mPantalla 1: Hybrid Workdesk (US-001)[2m > [22mDebe renderizar ⚡ BPMN y 📋 KANBAN según el sourceSystem
[31m[1mAssertionError[22m: expected '<div data-v-986239b9="" class="h-full…' to contain '⚡'[39m

[32m- Expected[39m
[31m+ Received[39m

[32m- ⚡[39m
[31m+ <div data-v-986239b9="" class="h-full flex flex-col relative bg-gray-50 font-['Inter']">[39m
[31m+   <!-- Overlay Cargando Global -->[39m
[31m+   <div data-v-986239b9="" class="absolute inset-0 bg-white/70 flex items-center justify-center z-50 rounded-xl">[39m
[31m+     <div data-v-986239b9="" class="animate-spin rounded-full h-12 w-12 border-b-2 border-indigo-600"></div>[39m
[31m+   </div><!-- Toast Notifications -->[39m
[31m+   <transition-stub data-v-986239b9="" name="toast-slide" appear="false" persisted="false" css="true">[39m
[31m+     <!--v-if-->[39m
[31m+   </transition-stub><!-- Header Stitch Style -->[39m
[31m+   <header data-v-986239b9="" class="min-h-[4rem] bg-white border-b border-gray-200 flex flex-wrap items-center justify-between px-6 z-30 flex-shrink-0 gap-4 py-3 xl:py-0">[39m
[31m+     <div data-v-986239b9="" class="flex items-center gap-6">[39m
[31m+       <div data-v-986239b9="" class="flex items-center gap-2"><span data-v-986239b9="" class="material-symbols-outlined text-indigo-600 text-2xl">balance</span>[39m
[31m+         <h1 data-v-986239b9="" class="text-lg font-bold text-[#1e1b4b]">Bandeja Unificada <span data-v-986239b9="" class="text-gray-400 font-normal ml-1">Workdesk</span></h1>[39m
[31m+       </div><!-- Contenedor general de Filtros -->[39m
[31m+       <div data-v-986239b9="" class="flex items-center gap-2">[39m
[31m+         <!-- Delegación de Bandejas (Gap CA-4) --><select data-v-986239b9="" class="bg-indigo-50 border border-indigo-100 text-indigo-600 text-sm rounded-md focus:ring-indigo-500 focus:border-indigo-500 block p-2 font-semibold hover:bg-indigo-100 cursor-pointer outline-none">[39m
[31m+           <option data-v-986239b9="" value="">Mis Tareas</option>[39m
[31m+           <option data-v-986239b9="" value="TEAM">Tareas del Equipo</option>[39m
[31m+         </select><!-- Filtro Tipo (Procesos vs Proyectos) --><select data-v-986239b9="" class="bg-white border border-gray-200 text-gray-600 text-sm rounded-md focus:ring-indigo-500 focus:border-indigo-500 block p-2 hover:bg-gray-50 cursor-pointer outline-none transition-colors">[39m
[31m+           <option data-v-986239b9="" value="">Todos los Tipos</option>[39m
[31m+           <option data-v-986239b9="" value="BPMN">Procesos (BPMN)</option>[39m
[31m+           <option data-v-986239b9="" value="KANBAN">Proyectos (Kanban)</option>[39m
[31m+         </select><!-- Filtro Nivel de SLA --><select data-v-986239b9="" class="bg-white border border-gray-200 text-gray-600 text-sm rounded-md focus:ring-indigo-500 focus:border-indigo-500 block p-2 hover:bg-gray-50 cursor-pointer outline-none transition-colors">[39m
[31m+           <option data-v-986239b9="" value="">Cualquier Nivel SLA</option>[39m
[31m+           <option data-v-986239b9="" value="EXPIRED">Vencido</option>[39m
[31m+           <option data-v-986239b9="" value="WARNING">Urgente</option>[39m
[31m+           <option data-v-986239b9="" value="OK">Normal</option>[39m
[31m+         </select>[39m
[31m+       </div>[39m
[31m+     </div>[39m
[31m+     <div data-v-986239b9="" class="flex-1 max-w-2xl px-2 xl:px-8 flex items-center gap-3">[39m
[31m+       <!-- Búsqueda (Gap CA-2) -->[39m
[31m+       <div data-v-986239b9="" class="relative flex-1 group"><span data-v-986239b9="" class="material-symbols-outlined absolute left-3 top-1/2 -translate-y-1/2 text-gray-400 text-xl font-light">search</span><input data-v-986239b9="" class="w-full bg-gray-50 border border-gray-200 rounded-lg py-1.5 pl-10 pr-4 text-sm focus:ring-2 focus:ring-indigo-500/50 focus:border-indigo-500 transition-all outline-none" placeholder="Buscar por ID, título o asignado..." type="search"></div><button data-v-986239b9="" class="flex items-center gap-2 px-3 py-1.5 text-sm font-medium text-gray-600 bg-white border border-gray-200 rounded-lg hover:bg-gray-50 group" title="Refrescar Inbox"><span data-v-986239b9="" class="material-symbols-outlined text-lg group-hover:rotate-180 transition-transform duration-500">sync</span></button>[39m
[31m+     </div>[39m
[31m+     <div data-v-986239b9="" class="flex items-center gap-4">[39m
[31m+       <!-- CA-8 (Feature Toggle Oculto) -->[39m
[31m+       <!--v-if-->[39m
[31m+     </div>[39m
[31m+   </header><!-- Error Bar -->[39m
[31m+   <!--v-if-->[39m
[31m+   <!-- Main Content 75/25 Split -->[39m
[31m+   <main data-v-986239b9="" class="flex-1 flex overflow-hidden flex-col md:flex-row">[39m
[31m+     <!-- 75% Cards -->[39m
[31m+     <section data-v-986239b9="" class="lg:w-3/4 border-r border-gray-200 w-full flex flex-col bg-gray-50 overflow-hidden transition-all duration-300 relative">[39m
[31m+       <!-- CA-7: Componentes Dinámicos Aditivos (Protegido por Suspense Boundary) -->[39m
[31m+       <!--v-if-->[39m
[31m+       <div data-v-986239b9="" class="h-12 bg-white border-b border-gray-200 px-6 flex items-center justify-between flex-shrink-0 shadow-sm z-20">[39m
[31m+         <div data-v-986239b9="" class="flex items-center gap-4"><button data-v-986239b9="" class="p-1 rounded text-gray-400 hover:text-indigo-600 hover:bg-indigo-50 transition -ml-2" title="Ocultar Resumen Panel Derecho"><span data-v-986239b9="" class="material-symbols-outlined text-xl">dock_to_right</span></button><span data-v-986239b9="" class="text-xs font-medium text-gray-500 flex items-center gap-1"><span data-v-986239b9="" class="material-symbols-outlined text-sm">filter_alt</span> Mostrando: <span data-v-986239b9="" class="font-bold text-indigo-700 bg-indigo-50 px-2 py-0.5 rounded">2</span> resultados locales </span></div>[39m
[31m+         <div data-v-986239b9="" class="text-[11px] font-medium text-gray-400"> Total Global: 0</div>[39m
[31m+       </div>[39m
[31m+       <div data-v-986239b9="" class="flex-1 overflow-y-auto p-card-p no-scrollbar relative min-h-0">[39m
[31m+         <!-- CSS Grid Cards Stitch (CA-3 Visual Remodel) -->[39m
[31m+         <div data-v-986239b9="" class="grid grid-cols-1 md:grid-cols-2 lg:grid-cols-3 xl:grid-cols-4 gap-6 pb-6 items-stretch">[39m
[31m+           <div data-v-986239b9="" class="rounded-xl shadow-sm border overflow-hidden flex flex-col transition-all group cursor-pointer min-h-[220px] bg-white border-gray-200 hover:border-indigo-400 hover:shadow-md">[39m
[31m+             <!-- SLA Top Bar -->[39m
[31m+             <div data-v-986239b9="" class="h-1 w-full bg-yellow-400"></div>[39m
[31m+             <div data-v-986239b9="" class="p-card-p flex flex-col gap-3">[39m
[31m+               <div data-v-986239b9="" class="flex items-start justify-between mb-1">[39m
[31m+                 <div data-v-986239b9="" class="flex items-center gap-2"><span data-v-986239b9="" class="material-symbols-outlined text-xl text-indigo-600" title="Camunda BPM">bolt</span><span data-v-986239b9="" class="font-mono text-[11px] text-gray-400 font-semibold tracking-wider">123</span></div><span data-v-986239b9="" class="material-symbols-outlined text-gray-300 text-[18px] group-hover:text-indigo-600 transition-colors">more_vert</span>[39m
[31m+               </div>[39m
[31m+               <h3 data-v-986239b9="" class="text-sm font-bold text-[#1e1b4b] leading-snug group-hover:text-indigo-600 transition-colors line-clamp-2">Tarea Camunda</h3>[39m
[31m+               <div data-v-986239b9="" class="flex items-center gap-2 mt-2 flex-wrap"><span data-v-986239b9="" class="px-2 py-1 rounded text-[10px] font-bold uppercase tracking-wider border bg-yellow-50 text-yellow-700 border-yellow-200/60">Vence en 24 hrs</span><!-- CA-10 Insignia Cognitiva Multi-Rol -->[39m
[31m+                 <!--v-if-->[39m
[31m+                 <!-- CA-6 Badge Early Warning -->[39m
[31m+                 <!--v-if--><span data-v-986239b9="" class="px-2 py-1 bg-gray-100/80 text-gray-600 rounded text-[10px] font-bold uppercase tracking-wider border border-gray-200 border-dashed">NORMAL</span>[39m
[31m+               </div>[39m
[31m+               <div data-v-986239b9="" class="pt-4 mt-auto border-t border-gray-100 flex items-center justify-between">[39m
[31m+                 <div data-v-986239b9="" class="flex items-center gap-3">[39m
[31m+                   <div data-v-986239b9="" class="w-8 h-8 rounded-full bg-indigo-600 text-white flex items-center justify-center font-bold text-xs ring-2 ring-indigo-50 shadow-sm uppercase shrink-0">us</div>[39m
[31m+                   <div data-v-986239b9="" class="flex flex-col min-w-0"><span data-v-986239b9="" class="text-[9px] text-gray-400 uppercase font-bold tracking-tight">Asignado</span><span data-v-986239b9="" class="text-xs font-semibold text-gray-700 truncate max-w-[120px]">userA</span></div>[39m
[31m+                 </div><span data-v-986239b9="" class="material-symbols-outlined text-gray-300 text-lg group-hover:text-indigo-400 transition-colors shrink-0">arrow_forward</span>[39m
[31m+               </div>[39m
[31m+             </div>[39m
[31m+           </div>[39m
[31m+           <div data-v-986239b9="" class="rounded-xl shadow-sm border overflow-hidden flex flex-col transition-all group cursor-pointer min-h-[220px] bg-white border-gray-200 hover:border-indigo-400 hover:shadow-md">[39m
[31m+             <!-- SLA Top Bar -->[39m
[31m+             <div data-v-986239b9="" class="h-1 w-full bg-yellow-400"></div>[39m
[31m+             <div data-v-986239b9="" class="p-card-p flex flex-col gap-3">[39m
[31m+               <div data-v-986239b9="" class="flex items-start justify-between mb-1">[39m
[31m+                 <div data-v-986239b9="" class="flex items-center gap-2"><span data-v-986239b9="" class="material-symbols-outlined text-xl text-cyan-600" title="Agile Kanban">account_tree</span><span data-v-986239b9="" class="font-mono text-[11px] text-gray-400 font-semibold tracking-wider">456</span></div><span data-v-986239b9="" class="material-symbols-outlined text-gray-300 text-[18px] group-hover:text-indigo-600 transition-colors">more_vert</span>[39m
[31m+               </div>[39m
[31m+               <h3 data-v-986239b9="" class="text-sm font-bold text-[#1e1b4b] leading-snug group-hover:text-indigo-600 transition-colors line-clamp-2">Tarea Agile</h3>[39m
[31m+               <div data-v-986239b9="" class="flex items-center gap-2 mt-2 flex-wrap"><span data-v-986239b9="" class="px-2 py-1 rounded text-[10px] font-bold uppercase tracking-wider border bg-yellow-50 text-yellow-700 border-yellow-200/60">Vence en 24 hrs</span><!-- CA-10 Insignia Cognitiva Multi-Rol -->[39m
[31m+                 <!--v-if-->[39m
[31m+                 <!-- CA-6 Badge Early Warning -->[39m
[31m+                 <!--v-if--><span data-v-986239b9="" class="px-2 py-1 bg-gray-100/80 text-gray-600 rounded text-[10px] font-bold uppercase tracking-wider border border-gray-200 border-dashed">NORMAL</span>[39m
[31m+               </div>[39m
[31m+               <div data-v-986239b9="" class="pt-4 mt-auto border-t border-gray-100 flex items-center justify-between">[39m
[31m+                 <div data-v-986239b9="" class="flex items-center gap-3">[39m
[31m+                   <div data-v-986239b9="" class="w-8 h-8 rounded-full bg-indigo-600 text-white flex items-center justify-center font-bold text-xs ring-2 ring-indigo-50 shadow-sm uppercase shrink-0">us</div>[39m
[31m+                   <div data-v-986239b9="" class="flex flex-col min-w-0"><span data-v-986239b9="" class="text-[9px] text-gray-400 uppercase font-bold tracking-tight">Asignado</span><span data-v-986239b9="" class="text-xs font-semibold text-gray-700 truncate max-w-[120px]">userB</span></div>[39m
[31m+                 </div><span data-v-986239b9="" class="material-symbols-outlined text-gray-300 text-lg group-hover:text-indigo-400 transition-colors shrink-0">arrow_forward</span>[39m
[31m+               </div>[39m
[31m+             </div>[39m
[31m+           </div>[39m
[31m+         </div>[39m
[31m+       </div><!-- Pagination Stitch Footer -->[39m
[31m+       <!--v-if-->[39m
[31m+     </section><!-- 25% Sidebar Metrics -->[39m
[31m+     <aside data-v-986239b9="" class="hidden lg:block w-1/4 bg-white p-8 overflow-y-auto no-scrollbar relative z-10 shrink-0 transition-all duration-300">[39m
[31m+       <div data-v-986239b9="" class="space-y-10">[39m
[31m+         <div data-v-986239b9="">[39m
[31m+           <h2 data-v-986239b9="" class="text-xs font-bold text-gray-400 uppercase tracking-[0.2em] mb-8">Resumen Operativo</h2>[39m
[31m+           <div data-v-986239b9="" class="space-y-8">[39m
[31m+             <div data-v-986239b9="" class="flex items-center gap-4">[39m
[31m+               <div data-v-986239b9="" class="relative w-14 h-14 rounded-full flex items-center justify-center bg-indigo-50 border border-indigo-100"><span data-v-986239b9="" class="text-base font-bold text-indigo-700">0</span></div>[39m
[31m+               <div data-v-986239b9="">[39m
[31m+                 <p data-v-986239b9="" class="text-sm font-bold text-gray-900">Total Tareas</p>[39m
[31m+                 <p data-v-986239b9="" class="text-[10px] text-gray-500 uppercase tracking-tighter font-semibold">Bandeja Activa</p>[39m
[31m+               </div>[39m
[31m+             </div>[39m
[31m+             <div data-v-986239b9="" class="flex items-center gap-4">[39m
[31m+               <div data-v-986239b9="" class="relative w-14 h-14 rounded-full flex items-center justify-center bg-red-50 border border-red-100"><span data-v-986239b9="" class="text-base font-bold text-red-600">0</span>[39m
[31m+                 <!--v-if-->[39m
[31m+               </div>[39m
[31m+               <div data-v-986239b9="">[39m
[31m+                 <p data-v-986239b9="" class="text-sm font-bold text-red-600 uppercase">Vencidas</p>[39m
[31m+                 <p data-v-986239b9="" class="text-[10px] text-red-400 uppercase tracking-tighter font-semibold">Crítico - SLA Cumplido</p>[39m
[31m+               </div>[39m
[31m+             </div>[39m
[31m+             <div data-v-986239b9="" class="flex items-center gap-4">[39m
[31m+               <div data-v-986239b9="" class="relative w-14 h-14 rounded-full flex items-center justify-center bg-yellow-50 border border-yellow-100"><span data-v-986239b9="" class="text-base font-bold text-yellow-600">2</span></div>[39m
[31m+               <div data-v-986239b9="">[39m
[31m+                 <p data-v-986239b9="" class="text-sm font-bold text-gray-900">Por Expirar</p>[39m
[31m+                 <p data-v-986239b9="" class="text-[10px] text-yellow-600 uppercase tracking-tighter font-semibold">&lt; 24 Horas</p>[39m
[31m+               </div>[39m
[31m+             </div>[39m
[31m+           </div>[39m
[31m+         </div>[39m
[31m+         <div data-v-986239b9="" class="pt-8 border-t border-gray-100">[39m
[31m+           <div data-v-986239b9="" class="mt-2 bg-slate-50 p-5 rounded-xl border border-slate-200">[39m
[31m+             <div data-v-986239b9="" class="flex items-center gap-2 mb-3"><span data-v-986239b9="" class="material-symbols-outlined text-indigo-500 text-lg">public</span>[39m
[31m+               <p data-v-986239b9="" class="text-xs text-indigo-800 font-bold uppercase tracking-widest">CQRS Engine</p>[39m
[31m+             </div>[39m
[31m+             <p data-v-986239b9="" class="text-sm text-slate-800 font-medium tracking-tight">Sync Eventual: <br data-v-986239b9=""><span data-v-986239b9="" class="font-bold text-red-600 flex items-center mt-2 gap-1.5 bg-red-50 px-2 py-1 rounded w-fit text-xs border border-red-200 animate-pulse" title="Conexión Rechazada o STOMP Caído"><span data-v-986239b9="" class="w-1.5 h-1.5 rounded-full bg-red-500"></span> OFFLINE </span></p>[39m
[31m+           </div>[39m
[31m+         </div>[39m
[31m+       </div>[39m
[31m+     </aside>[39m
[31m+   </main>[39m
[31m+ </div>[39m

[36m [2m❯[22m src/tests/views/Workdesk.spec.ts:[2m43:18[22m[39m
    [90m 41| [39m    [35mconst[39m html [33m=[39m wrapper[33m.[39m[34mhtml[39m()[33m;[39m
    [90m 42| [39m
    [90m 43| [39m    [34mexpect[39m(html)[33m.[39m[34mtoContain[39m([32m'⚡'[39m)[33m;[39m
    [90m   | [39m                 [31m^[39m
    [90m 44| [39m    [34mexpect[39m(html)[33m.[39m[34mtoContain[39m([32m'BPMN'[39m)[33m;[39m
    [90m 45| [39m    [34mexpect[39m(html)[33m.[39m[34mtoContain[39m([32m'📋'[39m)[33m;[39m

[31m[2m⎯⎯⎯⎯⎯⎯⎯⎯⎯⎯⎯⎯⎯⎯⎯⎯⎯⎯⎯⎯⎯⎯⎯[7/16]⎯[22m[39m

[41m[1m FAIL [22m[49m src/tests/views/Workdesk.spec.ts[2m > [22mPantalla 1: Hybrid Workdesk (US-001)[2m > [22mDebe renderizar el Semáforo SLA (bg-red-100) si la fecha expiró
[31m[1mAssertionError[22m: expected +0 to be 1 // Object.is equality[39m

[32m- Expected[39m
[31m+ Received[39m

[32m- 1[39m
[31m+ 0[39m

[36m [2m❯[22m src/tests/views/Workdesk.spec.ts:[2m71:30[22m[39m
    [90m 69| [39m
    [90m 70| [39m    [35mconst[39m taskCards [33m=[39m wrapper[33m.[39m[34mfindAll[39m([32m'td .bg-red-100'[39m)[33m;[39m
    [90m 71| [39m    expect(taskCards.length).toBe(1); // Deberia haber un texto mapead…
    [90m   | [39m                             [31m^[39m
    [90m 72| [39m
    [90m 73| [39m    [35mconst[39m html [33m=[39m wrapper[33m.[39m[34mhtml[39m()[33m;[39m

[31m[2m⎯⎯⎯⎯⎯⎯⎯⎯⎯⎯⎯⎯⎯⎯⎯⎯⎯⎯⎯⎯⎯⎯⎯[8/16]⎯[22m[39m

[41m[1m FAIL [22m[49m src/views/__tests__/Workdesk.spec.ts[2m > [22mWorkdesk.vue (US-001 Hybrid CQRS & SLA Ticking)[2m > [22mRenders the CQRS Native Data Grid <table> with <th> properly
[31m[1mAssertionError[22m: expected false to be true // Object.is equality[39m

[32m- Expected[39m
[31m+ Received[39m

[32m- true[39m
[31m+ false[39m

[36m [2m❯[22m src/views/__tests__/Workdesk.spec.ts:[2m47:32[22m[39m
    [90m 45| [39m        [90m// Check if table is rendered instead of div cards[39m
    [90m 46| [39m        [35mconst[39m table [33m=[39m wrapper[33m.[39m[34mfind[39m([32m'table'[39m)[33m;[39m
    [90m 47| [39m        [34mexpect[39m(table[33m.[39m[34mexists[39m())[33m.[39m[34mtoBe[39m([35mtrue[39m)[33m;[39m
    [90m   | [39m                               [31m^[39m
    [90m 48| [39m        [34mexpect[39m(wrapper[33m.[39m[34mfindAll[39m([32m'th'[39m)[33m.[39mlength)[33m.[39m[34mtoBeGreaterThan[39m([34m0[39m)[33m;[39m
    [90m 49| [39m        [34mexpect[39m(wrapper[33m.[39m[34mfindAll[39m([32m'tbody tr'[39m)[33m.[39mlength)[33m.[39m[34mtoBe[39m([34m10[39m)[33m;[39m

[31m[2m⎯⎯⎯⎯⎯⎯⎯⎯⎯⎯⎯⎯⎯⎯⎯⎯⎯⎯⎯⎯⎯⎯⎯[9/16]⎯[22m[39m

[41m[1m FAIL [22m[49m src/views/__tests__/Workdesk.spec.ts[2m > [22mWorkdesk.vue (US-001 Hybrid CQRS & SLA Ticking)[2m > [22mExecutes Search with 500ms Debounce altering the Pinia Store call
[31m[1mAssertionError[22m: expected "wrappedAction" to be called with arguments: [ +0, 50, 'Urgente', '' ][90m

Received: 

[1m  1st wrappedAction call:

[22m[2m  [[22m
[2m    0,[22m
[2m    50,[22m
[32m-   "Urgente",[90m
[31m+   "",[90m
[31m+   "",[90m
[31m+   "",[90m
[2m    "",[22m
[2m  ][22m

[1m  2nd wrappedAction call:

[22m[2m  [[22m
[2m    0,[22m
[2m    50,[22m
[2m    "Urgente",[22m
[2m    "",[22m
[31m+   "",[90m
[31m+   "",[90m
[2m  ][22m
[31m[90m

Number of calls: [1m2[22m
[31m[39m
[36m [2m❯[22m src/views/__tests__/Workdesk.spec.ts:[2m78:26[22m[39m
    [90m 76| [39m        
    [90m 77| [39m        [34mexpect[39m(fetchSpy)[33m.[39m[34mtoHaveBeenCalledTimes[39m([34m2[39m)[33m;[39m
    [90m 78| [39m        expect(fetchSpy).toHaveBeenCalledWith(0, 50, 'Urgente', ''); /…
    [90m   | [39m                         [31m^[39m
    [90m 79| [39m    })[33m;[39m
    [90m 80| [39m

[31m[2m⎯⎯⎯⎯⎯⎯⎯⎯⎯⎯⎯⎯⎯⎯⎯⎯⎯⎯⎯⎯⎯⎯[10/16]⎯[22m[39m

[41m[1m FAIL [22m[49m src/views/__tests__/Workdesk.spec.ts[2m > [22mWorkdesk.vue (US-001 Hybrid CQRS & SLA Ticking)[2m > [22mTransitions SLA Colors reactively via Ticking Engine
[31m[1mAssertionError[22m: expected false to be true // Object.is equality[39m

[32m- Expected[39m
[31m+ Received[39m

[32m- true[39m
[31m+ false[39m

[36m [2m❯[22m src/views/__tests__/Workdesk.spec.ts:[2m110:35[22m[39m
    [90m108| [39m        
    [90m109| [39m        [35mlet[39m slaBadge [33m=[39m wrapper[33m.[39m[34mfind[39m([32m'td span[class*="bg-green-100"]'[39m)[33m;[39m
    [90m110| [39m        [34mexpect[39m(slaBadge[33m.[39m[34mexists[39m())[33m.[39m[34mtoBe[39m([35mtrue[39m)[33m;[39m
    [90m   | [39m                                  [31m^[39m
    [90m111| [39m
    [90m112| [39m        // Mutate DB Mock Date to simulate it is now expiring in 10 mi…

[31m[2m⎯⎯⎯⎯⎯⎯⎯⎯⎯⎯⎯⎯⎯⎯⎯⎯⎯⎯⎯⎯⎯⎯[11/16]⎯[22m[39m

[41m[1m FAIL [22m[49m src/views/__tests__/Workdesk.spec.ts[2m > [22mWorkdesk.vue (US-001 Hybrid CQRS & SLA Ticking)[2m > [22mUS-043 CA-6: Renderiza alerta amarilla (Warning) en la grilla cuando Backend DTO indica isAtWarningThreshold
[31m[1mAssertionError[22m: expected false to be true // Object.is equality[39m

[32m- Expected[39m
[31m+ Received[39m

[32m- true[39m
[31m+ false[39m

[36m [2m❯[22m src/views/__tests__/Workdesk.spec.ts:[2m178:30[22m[39m
    [90m176| [39m        // We assert dynamically that the CSS class block contains yel…
    [90m177| [39m        [35mconst[39m row [33m=[39m wrapper[33m.[39m[34mfind[39m([32m'tbody tr'[39m)[33m;[39m
    [90m178| [39m        [34mexpect[39m(row[33m.[39m[34mexists[39m())[33m.[39m[34mtoBe[39m([35mtrue[39m)[33m;[39m
    [90m   | [39m                             [31m^[39m
    [90m179| [39m
    [90m180| [39m        // Buscamos la insignia temporal que reacciona a los SLAs en e…

[31m[2m⎯⎯⎯⎯⎯⎯⎯⎯⎯⎯⎯⎯⎯⎯⎯⎯⎯⎯⎯⎯⎯⎯[12/16]⎯[22m[39m

[41m[1m FAIL [22m[49m src/views/__tests__/Workdesk.spec.ts[2m > [22mWorkdesk.vue (US-001 Hybrid CQRS & SLA Ticking)[2m > [22mHOTFIX US-051 Regresión: Aserción matemática de Estructura Grid y Cards Operativas
[31m[1mAssertionError[22m: expected '<div data-v-986239b9="" class="h-full…' to contain 'Acciones Operativas'[39m

[32m- Expected[39m
[31m+ Received[39m

[32m- Acciones Operativas[39m
[31m+ <div data-v-986239b9="" class="h-full flex flex-col relative bg-gray-50 font-['Inter']">[39m
[31m+   <!-- Overlay Cargando Global -->[39m
[31m+   <div data-v-986239b9="" class="absolute inset-0 bg-white/70 flex items-center justify-center z-50 rounded-xl">[39m
[31m+     <div data-v-986239b9="" class="animate-spin rounded-full h-12 w-12 border-b-2 border-indigo-600"></div>[39m
[31m+   </div><!-- Toast Notifications -->[39m
[31m+   <transition-stub data-v-986239b9="" name="toast-slide" appear="false" persisted="false" css="true">[39m
[31m+     <!--v-if-->[39m
[31m+   </transition-stub><!-- Header Stitch Style -->[39m
[31m+   <header data-v-986239b9="" class="min-h-[4rem] bg-white border-b border-gray-200 flex flex-wrap items-center justify-between px-6 z-30 flex-shrink-0 gap-4 py-3 xl:py-0">[39m
[31m+     <div data-v-986239b9="" class="flex items-center gap-6">[39m
[31m+       <div data-v-986239b9="" class="flex items-center gap-2"><span data-v-986239b9="" class="material-symbols-outlined text-indigo-600 text-2xl">balance</span>[39m
[31m+         <h1 data-v-986239b9="" class="text-lg font-bold text-[#1e1b4b]">Bandeja Unificada <span data-v-986239b9="" class="text-gray-400 font-normal ml-1">Workdesk</span></h1>[39m
[31m+       </div><!-- Contenedor general de Filtros -->[39m
[31m+       <div data-v-986239b9="" class="flex items-center gap-2">[39m
[31m+         <!-- Delegación de Bandejas (Gap CA-4) --><select data-v-986239b9="" class="bg-indigo-50 border border-indigo-100 text-indigo-600 text-sm rounded-md focus:ring-indigo-500 focus:border-indigo-500 block p-2 font-semibold hover:bg-indigo-100 cursor-pointer outline-none">[39m
[31m+           <option data-v-986239b9="" value="">Mis Tareas</option>[39m
[31m+           <option data-v-986239b9="" value="TEAM">Tareas del Equipo</option>[39m
[31m+         </select><!-- Filtro Tipo (Procesos vs Proyectos) --><select data-v-986239b9="" class="bg-white border border-gray-200 text-gray-600 text-sm rounded-md focus:ring-indigo-500 focus:border-indigo-500 block p-2 hover:bg-gray-50 cursor-pointer outline-none transition-colors">[39m
[31m+           <option data-v-986239b9="" value="">Todos los Tipos</option>[39m
[31m+           <option data-v-986239b9="" value="BPMN">Procesos (BPMN)</option>[39m
[31m+           <option data-v-986239b9="" value="KANBAN">Proyectos (Kanban)</option>[39m
[31m+         </select><!-- Filtro Nivel de SLA --><select data-v-986239b9="" class="bg-white border border-gray-200 text-gray-600 text-sm rounded-md focus:ring-indigo-500 focus:border-indigo-500 block p-2 hover:bg-gray-50 cursor-pointer outline-none transition-colors">[39m
[31m+           <option data-v-986239b9="" value="">Cualquier Nivel SLA</option>[39m
[31m+           <option data-v-986239b9="" value="EXPIRED">Vencido</option>[39m
[31m+           <option data-v-986239b9="" value="WARNING">Urgente</option>[39m
[31m+           <option data-v-986239b9="" value="OK">Normal</option>[39m
[31m+         </select>[39m
[31m+       </div>[39m
[31m+     </div>[39m
[31m+     <div data-v-986239b9="" class="flex-1 max-w-2xl px-2 xl:px-8 flex items-center gap-3">[39m
[31m+       <!-- Búsqueda (Gap CA-2) -->[39m
[31m+       <div data-v-986239b9="" class="relative flex-1 group"><span data-v-986239b9="" class="material-symbols-outlined absolute left-3 top-1/2 -translate-y-1/2 text-gray-400 text-xl font-light">search</span><input data-v-986239b9="" class="w-full bg-gray-50 border border-gray-200 rounded-lg py-1.5 pl-10 pr-4 text-sm focus:ring-2 focus:ring-indigo-500/50 focus:border-indigo-500 transition-all outline-none" placeholder="Buscar por ID, título o asignado..." type="search"></div><button data-v-986239b9="" class="flex items-center gap-2 px-3 py-1.5 text-sm font-medium text-gray-600 bg-white border border-gray-200 rounded-lg hover:bg-gray-50 group" title="Refrescar Inbox"><span data-v-986239b9="" class="material-symbols-outlined text-lg group-hover:rotate-180 transition-transform duration-500">sync</span></button>[39m
[31m+     </div>[39m
[31m+     <div data-v-986239b9="" class="flex items-center gap-4">[39m
[31m+       <!-- CA-8 (Feature Toggle Oculto) -->[39m
[31m+       <!--v-if-->[39m
[31m+     </div>[39m
[31m+   </header><!-- Error Bar -->[39m
[31m+   <!--v-if-->[39m
[31m+   <!-- Main Content 75/25 Split -->[39m
[31m+   <main data-v-986239b9="" class="flex-1 flex overflow-hidden flex-col md:flex-row">[39m
[31m+     <!-- 75% Cards -->[39m
[31m+     <section data-v-986239b9="" class="lg:w-3/4 border-r border-gray-200 w-full flex flex-col bg-gray-50 overflow-hidden transition-all duration-300 relative">[39m
[31m+       <!-- CA-7: Componentes Dinámicos Aditivos (Protegido por Suspense Boundary) -->[39m
[31m+       <!--v-if-->[39m
[31m+       <div data-v-986239b9="" class="h-12 bg-white border-b border-gray-200 px-6 flex items-center justify-between flex-shrink-0 shadow-sm z-20">[39m
[31m+         <div data-v-986239b9="" class="flex items-center gap-4"><button data-v-986239b9="" class="p-1 rounded text-gray-400 hover:text-indigo-600 hover:bg-indigo-50 transition -ml-2" title="Ocultar Resumen Panel Derecho"><span data-v-986239b9="" class="material-symbols-outlined text-xl">dock_to_right</span></button><span data-v-986239b9="" class="text-xs font-medium text-gray-500 flex items-center gap-1"><span data-v-986239b9="" class="material-symbols-outlined text-sm">filter_alt</span> Mostrando: <span data-v-986239b9="" class="font-bold text-indigo-700 bg-indigo-50 px-2 py-0.5 rounded">0</span> resultados locales </span></div>[39m
[31m+         <div data-v-986239b9="" class="text-[11px] font-medium text-gray-400"> Total Global: 0</div>[39m
[31m+       </div>[39m
[31m+       <div data-v-986239b9="" class="flex-1 overflow-y-auto p-card-p no-scrollbar relative min-h-0">[39m
[31m+         <!-- CSS Grid Cards Stitch (CA-3 Visual Remodel) -->[39m
[31m+         <div data-v-986239b9="" class="grid grid-cols-1 md:grid-cols-2 lg:grid-cols-3 xl:grid-cols-4 gap-6 pb-6 items-stretch"></div>[39m
[31m+       </div><!-- Pagination Stitch Footer -->[39m
[31m+       <!--v-if-->[39m
[31m+     </section><!-- 25% Sidebar Metrics -->[39m
[31m+     <aside data-v-986239b9="" class="hidden lg:block w-1/4 bg-white p-8 overflow-y-auto no-scrollbar relative z-10 shrink-0 transition-all duration-300">[39m
[31m+       <div data-v-986239b9="" class="space-y-10">[39m
[31m+         <div data-v-986239b9="">[39m
[31m+           <h2 data-v-986239b9="" class="text-xs font-bold text-gray-400 uppercase tracking-[0.2em] mb-8">Resumen Operativo</h2>[39m
[31m+           <div data-v-986239b9="" class="space-y-8">[39m
[31m+             <div data-v-986239b9="" class="flex items-center gap-4">[39m
[31m+               <div data-v-986239b9="" class="relative w-14 h-14 rounded-full flex items-center justify-center bg-indigo-50 border border-indigo-100"><span data-v-986239b9="" class="text-base font-bold text-indigo-700">0</span></div>[39m
[31m+               <div data-v-986239b9="">[39m
[31m+                 <p data-v-986239b9="" class="text-sm font-bold text-gray-900">Total Tareas</p>[39m
[31m+                 <p data-v-986239b9="" class="text-[10px] text-gray-500 uppercase tracking-tighter font-semibold">Bandeja Activa</p>[39m
[31m+               </div>[39m
[31m+             </div>[39m
[31m+             <div data-v-986239b9="" class="flex items-center gap-4">[39m
[31m+               <div data-v-986239b9="" class="relative w-14 h-14 rounded-full flex items-center justify-center bg-red-50 border border-red-100"><span data-v-986239b9="" class="text-base font-bold text-red-600">0</span>[39m
[31m+                 <!--v-if-->[39m
[31m+               </div>[39m
[31m+               <div data-v-986239b9="">[39m
[31m+                 <p data-v-986239b9="" class="text-sm font-bold text-red-600 uppercase">Vencidas</p>[39m
[31m+                 <p data-v-986239b9="" class="text-[10px] text-red-400 uppercase tracking-tighter font-semibold">Crítico - SLA Cumplido</p>[39m
[31m+               </div>[39m
[31m+             </div>[39m
[31m+             <div data-v-986239b9="" class="flex items-center gap-4">[39m
[31m+               <div data-v-986239b9="" class="relative w-14 h-14 rounded-full flex items-center justify-center bg-yellow-50 border border-yellow-100"><span data-v-986239b9="" class="text-base font-bold text-yellow-600">0</span></div>[39m
[31m+               <div data-v-986239b9="">[39m
[31m+                 <p data-v-986239b9="" class="text-sm font-bold text-gray-900">Por Expirar</p>[39m
[31m+                 <p data-v-986239b9="" class="text-[10px] text-yellow-600 uppercase tracking-tighter font-semibold">&lt; 24 Horas</p>[39m
[31m+               </div>[39m
[31m+             </div>[39m
[31m+           </div>[39m
[31m+         </div>[39m
[31m+         <div data-v-986239b9="" class="pt-8 border-t border-gray-100">[39m
[31m+           <div data-v-986239b9="" class="mt-2 bg-slate-50 p-5 rounded-xl border border-slate-200">[39m
[31m+             <div data-v-986239b9="" class="flex items-center gap-2 mb-3"><span data-v-986239b9="" class="material-symbols-outlined text-indigo-500 text-lg">public</span>[39m
[31m+               <p data-v-986239b9="" class="text-xs text-indigo-800 font-bold uppercase tracking-widest">CQRS Engine</p>[39m
[31m+             </div>[39m
[31m+             <p data-v-986239b9="" class="text-sm text-slate-800 font-medium tracking-tight">Sync Eventual: <br data-v-986239b9=""><span data-v-986239b9="" class="font-bold text-red-600 flex items-center mt-2 gap-1.5 bg-red-50 px-2 py-1 rounded w-fit text-xs border border-red-200 animate-pulse" title="Conexión Rechazada o STOMP Caído"><span data-v-986239b9="" class="w-1.5 h-1.5 rounded-full bg-red-500"></span> OFFLINE </span></p>[39m
[31m+           </div>[39m
[31m+         </div>[39m
[31m+       </div>[39m
[31m+     </aside>[39m
[31m+   </main>[39m
[31m+ </div>[39m

[36m [2m❯[22m src/views/__tests__/Workdesk.spec.ts:[2m210:33[22m[39m
    [90m208| [39m        
    [90m209| [39m        [90m// Verificamos el montaje de la lógica base de las tarjetas[39m
    [90m210| [39m        [34mexpect[39m(cardSectionHtml)[33m.[39m[34mtoContain[39m([32m'Acciones Operativas'[39m)[33m;[39m
    [90m   | [39m                                [31m^[39m
    [90m211| [39m    })[33m;[39m
    [90m212| [39m})[33m;[39m

[31m[2m⎯⎯⎯⎯⎯⎯⎯⎯⎯⎯⎯⎯⎯⎯⎯⎯⎯⎯⎯⎯⎯⎯[13/16]⎯[22m[39m

[41m[1m FAIL [22m[49m src/views/admin/Modeler/BpmnDesigner.spec.ts[2m > [22mPantalla 6: BPMN Designer (Frontend QA)[2m > [22mDebe filtrar la lista de formularios para que solo muestre Formularios Simples cuando el proceso es Simple
[31m[1mAssertionError[22m: expected 0 to be greater than 0[39m
[36m [2m❯[22m src/views/admin/Modeler/BpmnDesigner.spec.ts:[2m87:37[22m[39m
    [90m 85| [39m        [35mawait[39m wrapper[33m.[39mvm[33m.[39m[34m$nextTick[39m()[33m;[39m
    [90m 86| [39m        [35mconst[39m formsMaestro [33m=[39m wrapper[33m.[39mvm[33m.[39mfilteredForms[33m;[39m
    [90m 87| [39m        [34mexpect[39m(formsMaestro[33m.[39mlength)[33m.[39m[34mtoBeGreaterThan[39m(forms[33m.[39mlength)[33m;[39m
    [90m   | [39m                                    [31m^[39m
    [90m 88| [39m
    [90m 89| [39m        wrapper[33m.[39m[34munmount[39m()[33m;[39m

[31m[2m⎯⎯⎯⎯⎯⎯⎯⎯⎯⎯⎯⎯⎯⎯⎯⎯⎯⎯⎯⎯⎯⎯[14/16]⎯[22m[39m

[41m[1m FAIL [22m[49m src/views/admin/Modeler/BpmnDesigner.spec.ts[2m > [22mPantalla 6: BPMN Designer (Frontend QA)[2m > [22mDebe contener los conectores V1 (O365, SharePoint, NetSuite) en el Dropdown de Connectors
[31m[1mAssertionError[22m: expected [] to include 'O365/Exchange'[39m
[36m [2m❯[22m src/views/admin/Modeler/BpmnDesigner.spec.ts:[2m100:23[22m[39m
    [90m 98| [39m        [35mconst[39m names [33m=[39m connectors[33m.[39m[34mmap[39m((c[33m:[39m any) [33m=>[39m c[33m.[39mname)[33m;[39m
    [90m 99| [39m
    [90m100| [39m        [34mexpect[39m(names)[33m.[39m[34mtoContain[39m([32m'O365/Exchange'[39m)[33m;[39m
    [90m   | [39m                      [31m^[39m
    [90m101| [39m
    [90m102| [39m        wrapper[33m.[39m[34munmount[39m()[33m;[39m

[31m[2m⎯⎯⎯⎯⎯⎯⎯⎯⎯⎯⎯⎯⎯⎯⎯⎯⎯⎯⎯⎯⎯⎯[15/16]⎯[22m[39m

[41m[1m FAIL [22m[49m src/tests/views/admin/Modeler/BpmnDesigner.spec.ts[2m > [22mBpmnDesigner.vue[2m > [22msimulates clicking "Desplegar" and opens deployment modal
[31m[1mAssertionError[22m: expected undefined to be defined[39m
[36m [2m❯[22m src/tests/views/admin/Modeler/BpmnDesigner.spec.ts:[2m48:27[22m[39m
    [90m 46| [39m        const deployBtn = buttons.find(b => b.text().includes('Despleg…
    [90m 47| [39m
    [90m 48| [39m        [34mexpect[39m(deployBtn)[33m.[39m[34mtoBeDefined[39m()[33m;[39m
    [90m   | [39m                          [31m^[39m
    [90m 49| [39m        [35mawait[39m deployBtn[33m![39m[33m.[39m[34mtrigger[39m([32m'click'[39m)[33m;[39m
    [90m 50| [39m

[31m[2m⎯⎯⎯⎯⎯⎯⎯⎯⎯⎯⎯⎯⎯⎯⎯⎯⎯⎯⎯⎯⎯⎯[16/16]⎯[22m[39m


[2m Test Files [22m [1m[31m10 failed[39m[22m[2m | [22m[1m[32m19 passed[39m[22m[90m (29)[39m
[2m      Tests [22m [1m[31m12 failed[39m[22m[2m | [22m[1m[32m48 passed[39m[22m[90m (60)[39m
[2m   Start at [22m 01:06:24
[2m   Duration [22m 20.32s[2m (transform 18.48s, setup 1.08s, import 33.01s, tests 6.09s, environment 68.89s)[22m

